File ../../examples/gimli/risc-v/gimli.jazz: OK
File ../success/common/annotations.jazz: OK
File ../success/common/array_sizes.jazz: OK
File ../success/common/arraycopy.jazz: OK
File ../success/common/assertion.jazz: OK
File ../success/common/autospill.jazz: OK
File ../success/common/bug_1145.jazz: OK
File ../success/common/bug_1292.jazz: OK
File ../success/common/bug_1296.jazz: OK
File ../success/common/bug_483.jazz: OK
File ../success/common/bug_499.jazz: OK
File ../success/common/bug_540.jazz: OK
File ../success/common/bug_607.jazz: OK
File ../success/common/bug_729.jazz: OK
File ../success/common/bug_815.jazz: OK
File ../success/common/bug_842.jazz: OK
File ../success/common/bug_870.jazz: OK
File ../success/common/bug_871.jazz: OK
File ../success/common/call-export.jazz: OK
File ../success/common/cast_int.jazz: OK
File ../success/common/dead_spill.jazz: OK
File ../success/common/declassify.jazz: OK
File ../success/common/global.jazz: OK
File ../success/common/immediate.jazz: OK
File ../success/common/inline-global.jazz: OK
File ../success/common/inline.jazz: OK
File ../success/common/inline_label_duplication.jazz: OK
File ../success/common/integer_notation.jazz: OK
File ../success/common/intshift.jazz: OK
File ../success/common/literal-arrays.jazz: OK
File ../success/common/liveness.jazz: OK
File ../success/common/minmax.jazz: OK
File ../success/common/overlay.jazz: OK
File ../success/common/overlay_fun.jazz: OK
File ../success/common/overlay_fun_propagate.jazz: OK
File ../success/common/param.jazz: OK
File ../success/common/reg_ptr_export.jazz: OK
File ../success/common/renaming.jazz: OK
File ../success/common/required_alignment.jazz: OK
File ../success/common/spill.jazz: OK
File ../success/common/spill_pointer.jazz: OK
File ../success/common/stack_alignment.jazz: OK
File ../success/common/swap.jazz: OK
File ../success/common/swap_word.jazz: OK
File ../success/common/t_array_expand.jazz: OK
File ../success/common/test_globals.jazz: OK
File ../success/common/test_keep.jazz: OK
File ../success/common/test_type_eq.jazz: OK
File ../success/common/test_warn_var.jazz: OK
File ../success/common/typealias.jazz: OK
File ../success/common/unaligned.jazz: OK
File ../success/common/unaligned_subarray.jazz: OK
File ../success/common/varalreadyset.jazz: OK
File ../success/common/variable_initialization.jazz: OK
File ../success/common/wint.jazz: OK
File ../success/common/wint_div.jazz: OK
File ../success/namespaces/common/basic.jazz: OK
File ../success/namespaces/common/export.jazz: OK
File ../success/namespaces/common/map.jazz: OK
File ../success/namespaces/common/params.jazz: OK
File ../success/namespaces/common/qident.jazz: OK
File ../success/require/common/file1.jazz: OK
File ../success/require/common/file2.jazz: OK
File ../success/risc-v/add.jazz: OK
File ../success/risc-v/and.jazz: OK
File ../success/risc-v/basics.jazz: OK
File ../success/risc-v/div.jazz: OK
File ../success/risc-v/intrinsic_add.jazz: OK
File ../success/risc-v/intrinsic_and.jazz: OK
File ../success/risc-v/intrinsic_div.jazz: OK
File ../success/risc-v/intrinsic_load.jazz: OK
File ../success/risc-v/intrinsic_mul.jazz: OK
File ../success/risc-v/intrinsic_orr.jazz: OK
File ../success/risc-v/intrinsic_rem.jazz: OK
File ../success/risc-v/intrinsic_sll.jazz: OK
File ../success/risc-v/intrinsic_sra.jazz: OK
File ../success/risc-v/intrinsic_srl.jazz: OK
File ../success/risc-v/intrinsic_sub.jazz: OK
File ../success/risc-v/load.jazz: OK
File ../success/risc-v/mul.jazz: OK
File ../success/risc-v/neg.jazz: OK
File ../success/risc-v/orr.jazz: OK
File ../success/risc-v/rem.jazz: OK
File ../success/risc-v/sll.jazz: OK
File ../success/risc-v/slt.jazz: OK
File ../success/risc-v/sra.jazz: OK
File ../success/risc-v/srl.jazz: OK
File ../success/risc-v/sub.jazz: OK
File ../success/stack_zeroization/risc-v/stack-zeroization.jazz: OK
File ../success/subarrays/common/noop.jazz: OK
File ../success/subarrays/risc-v/global.jazz: OK
File ../success/subarrays/risc-v/global_const.jazz: OK
File ../success/subarrays/risc-v/index_var.jazz: OK
File ../success/subarrays/risc-v/map.jazz: OK
File ../success/subarrays/risc-v/reg_ptr_const.jazz: OK
File ../success/subarrays/risc-v/reg_ptr_const_large.jazz: OK
File ../success/subarrays/risc-v/reg_ptr_const_zero.jazz: OK
File ../success/subarrays/risc-v/reg_ptr_unscaled.jazz: OK
File ../success/subarrays/risc-v/stack_ptr.jazz: OK
File ../success/subarrays/risc-v/symbolic.jazz: OK
File ../../examples/gimli/arm-m4/gimli.jazz: OK
File ../success/arm-m4/adc.jazz: OK
File ../success/arm-m4/add.jazz: OK
File ../success/arm-m4/addcarry.jazz: OK
File ../success/arm-m4/and.jazz: OK
File ../success/arm-m4/array_access.jazz: OK
File ../success/arm-m4/asr.jazz: OK
File ../success/arm-m4/bug_1112.jazz: OK
File ../success/arm-m4/bug_375.jazz: OK
File ../success/arm-m4/call.jazz: OK
File ../success/arm-m4/cmove.jazz: OK
File ../success/arm-m4/conditions.jazz: OK
File ../success/arm-m4/eor.jazz: OK
File ../success/arm-m4/extend_load.jazz: OK
File ../success/arm-m4/far_global_access.jazz: OK
File ../success/arm-m4/global.jazz: OK
File ../success/arm-m4/intrinsic_adc.jazz: OK
File ../success/arm-m4/intrinsic_add.jazz: OK
File ../success/arm-m4/intrinsic_and.jazz: OK
File ../success/arm-m4/intrinsic_asr.jazz: OK
File ../success/arm-m4/intrinsic_bfc.jazz: OK
File ../success/arm-m4/intrinsic_bfi.jazz: OK
File ../success/arm-m4/intrinsic_bic.jazz: OK
File ../success/arm-m4/intrinsic_clz.jazz: OK
File ../success/arm-m4/intrinsic_cmn.jazz: OK
File ../success/arm-m4/intrinsic_cmp.jazz: OK
File ../success/arm-m4/intrinsic_eor.jazz: OK
File ../success/arm-m4/intrinsic_ldr.jazz: OK
File ../success/arm-m4/intrinsic_ldrb.jazz: OK
File ../success/arm-m4/intrinsic_ldrh.jazz: OK
File ../success/arm-m4/intrinsic_ldrsb.jazz: OK
File ../success/arm-m4/intrinsic_ldrsh.jazz: OK
File ../success/arm-m4/intrinsic_lsl.jazz: OK
File ../success/arm-m4/intrinsic_lsr.jazz: OK
File ../success/arm-m4/intrinsic_mov.jazz: OK
File ../success/arm-m4/intrinsic_movt.jazz: OK
File ../success/arm-m4/intrinsic_mul.jazz: OK
File ../success/arm-m4/intrinsic_mvn.jazz: OK
File ../success/arm-m4/intrinsic_orr.jazz: OK
File ../success/arm-m4/intrinsic_rev.jazz: OK
File ../success/arm-m4/intrinsic_ror.jazz: OK
File ../success/arm-m4/intrinsic_rsb.jazz: OK
File ../success/arm-m4/intrinsic_sbc.jazz: OK
File ../success/arm-m4/intrinsic_sbfx.jazz: OK
File ../success/arm-m4/intrinsic_sdiv.jazz: OK
File ../success/arm-m4/intrinsic_smla_hw.jazz: OK
File ../success/arm-m4/intrinsic_smlal.jazz: OK
File ../success/arm-m4/intrinsic_smmul.jazz: OK
File ../success/arm-m4/intrinsic_smmulr.jazz: OK
File ../success/arm-m4/intrinsic_smul_hw.jazz: OK
File ../success/arm-m4/intrinsic_smull.jazz: OK
File ../success/arm-m4/intrinsic_smulw_hw.jazz: OK
File ../success/arm-m4/intrinsic_str.jazz: OK
File ../success/arm-m4/intrinsic_strb.jazz: OK
File ../success/arm-m4/intrinsic_strh.jazz: OK
File ../success/arm-m4/intrinsic_sub.jazz: OK
File ../success/arm-m4/intrinsic_tst.jazz: OK
File ../success/arm-m4/intrinsic_ubfx.jazz: OK
File ../success/arm-m4/intrinsic_udiv.jazz: OK
File ../success/arm-m4/intrinsic_umaal.jazz: OK
File ../success/arm-m4/intrinsic_umlal.jazz: OK
File ../success/arm-m4/intrinsic_umull.jazz: OK
File ../success/arm-m4/intrinsic_uxtb.jazz: OK
File ../success/arm-m4/intrinsic_uxth.jazz: OK
File ../success/arm-m4/ldr.jazz: OK
File ../success/arm-m4/ldrb.jazz: OK
File ../success/arm-m4/ldrh.jazz: OK
File ../success/arm-m4/ldrsb.jazz: OK
File ../success/arm-m4/ldrsh.jazz: OK
File ../success/arm-m4/load_immediate.jazz: OK
File ../success/arm-m4/local_functions.jazz: OK
File ../success/arm-m4/lower_condition.jazz: OK
File ../success/arm-m4/lsl.jazz: OK
File ../success/arm-m4/lsr.jazz: OK
File ../success/arm-m4/memcmp.jazz: OK
File ../success/arm-m4/mov.jazz: OK
File ../success/arm-m4/mul.jazz: OK
File ../success/arm-m4/multiply-and.jazz: OK
File ../success/arm-m4/mulu.jazz: OK
File ../success/arm-m4/mvn.jazz: OK
File ../success/arm-m4/neg.jazz: OK
File ../success/arm-m4/orr.jazz: OK
File ../success/arm-m4/rand.jazz: OK
File ../success/arm-m4/rol.jazz: OK
File ../success/arm-m4/ror.jazz: OK
File ../success/arm-m4/sdiv.jazz: OK
File ../success/arm-m4/set_up_stack.jazz: OK
File ../success/arm-m4/stack.jazz: OK
File ../success/arm-m4/stack_array.jazz: OK
File ../success/arm-m4/str.jazz: OK
File ../success/arm-m4/strb.jazz: OK
File ../success/arm-m4/strh.jazz: OK
File ../success/arm-m4/sub.jazz: OK
File ../success/arm-m4/sub_using_RSB.jazz: OK
File ../success/arm-m4/test_global_string_literal.jazz: OK
File ../success/arm-m4/test_ternary.jazz: OK
File ../success/arm-m4/typealias_armv7.jazz: OK
File ../success/arm-m4/udiv.jazz: OK
File ../success/common/annotations.jazz: OK
File ../success/common/array_sizes.jazz: OK
File ../success/common/arraycopy.jazz: OK
File ../success/common/assertion.jazz: OK
File ../success/common/autospill.jazz: OK
File ../success/common/bug_1145.jazz: OK
File ../success/common/bug_1292.jazz: OK
File ../success/common/bug_1296.jazz: OK
File ../success/common/bug_483.jazz: OK
File ../success/common/bug_499.jazz: OK
File ../success/common/bug_540.jazz: OK
File ../success/common/bug_607.jazz: OK
File ../success/common/bug_729.jazz: OK
File ../success/common/bug_815.jazz: OK
File ../success/common/bug_842.jazz: OK
File ../success/common/bug_870.jazz: OK
File ../success/common/bug_871.jazz: OK
File ../success/common/call-export.jazz: OK
File ../success/common/cast_int.jazz: OK
File ../success/common/dead_spill.jazz: OK
File ../success/common/declassify.jazz: OK
File ../success/common/global.jazz: OK
File ../success/common/immediate.jazz: OK
File ../success/common/inline-global.jazz: OK
File ../success/common/inline.jazz: OK
File ../success/common/inline_label_duplication.jazz: OK
File ../success/common/integer_notation.jazz: OK
File ../success/common/intshift.jazz: OK
File ../success/common/literal-arrays.jazz: OK
File ../success/common/liveness.jazz: OK
File ../success/common/minmax.jazz: OK
File ../success/common/overlay.jazz: OK
File ../success/common/overlay_fun.jazz: OK
File ../success/common/overlay_fun_propagate.jazz: OK
File ../success/common/param.jazz: OK
File ../success/common/reg_ptr_export.jazz: OK
File ../success/common/renaming.jazz: OK
File ../success/common/required_alignment.jazz: OK
File ../success/common/spill.jazz: OK
File ../success/common/spill_pointer.jazz: OK
File ../success/common/stack_alignment.jazz: OK
File ../success/common/swap.jazz: OK
File ../success/common/swap_word.jazz: OK
File ../success/common/t_array_expand.jazz: OK
File ../success/common/test_globals.jazz: OK
File ../success/common/test_keep.jazz: OK
File ../success/common/test_type_eq.jazz: OK
File ../success/common/test_warn_var.jazz: OK
File ../success/common/typealias.jazz: OK
File ../success/common/unaligned.jazz: OK
File ../success/common/unaligned_subarray.jazz: OK
File ../success/common/varalreadyset.jazz: OK
File ../success/common/variable_initialization.jazz: OK
File ../success/common/wint.jazz: OK
File ../success/common/wint_div.jazz: OK
File ../success/namespaces/common/basic.jazz: OK
File ../success/namespaces/common/export.jazz: OK
File ../success/namespaces/common/map.jazz: OK
File ../success/namespaces/common/params.jazz: OK
File ../success/namespaces/common/qident.jazz: OK
File ../success/require/common/file1.jazz: OK
File ../success/require/common/file2.jazz: OK
File ../success/stack_zeroization/arm-m4/stack-zeroization.jazz: OK
File ../success/subarrays/arm-m4/global.jazz: OK
File ../success/subarrays/arm-m4/global_const.jazz: OK
File ../success/subarrays/arm-m4/index_var.jazz: OK
File ../success/subarrays/arm-m4/map.jazz: OK
File ../success/subarrays/arm-m4/reg_ptr_const.jazz: OK
File ../success/subarrays/arm-m4/reg_ptr_const_large.jazz: OK
File ../success/subarrays/arm-m4/reg_ptr_const_zero.jazz: OK
File ../success/subarrays/arm-m4/reg_ptr_scaled.jazz: OK
File ../success/subarrays/arm-m4/reg_ptr_unscaled.jazz: OK
File ../success/subarrays/arm-m4/stack_ptr.jazz: OK
File ../success/subarrays/arm-m4/symbolic.jazz: OK
File ../success/subarrays/common/noop.jazz: OK
File ../../examples/gimli/x86-64/gimli.jazz: OK
File ../../examples/gimli/x86-64/gimliv.jazz: OK
File ../../examples/gimli/x86-64/gimliv1.jazz: OK
File ../../examples/siphash/x86-64/siphash.jazz: OK
File ../../examples/x86-64/add1.jazz: OK
File ../../examples/x86-64/al3.jazz: OK
File ../../examples/x86-64/bt.jazz: OK
File ../../examples/x86-64/fe25519_mul.jazz: OK
File ../../examples/x86-64/hw.jazz: OK
File ../../examples/x86-64/identity.jazz: OK
File ../../examples/x86-64/imm256.jazz: OK
File ../../examples/x86-64/loop_array_call.jazz: OK
File ../../examples/x86-64/matrix_product.jazz: OK
File ../../examples/x86-64/memcmp.jazz: OK
File ../../examples/x86-64/nesteed_array.jazz: OK
File ../../examples/x86-64/nolea.jazz: OK
File ../../examples/x86-64/noset0.jazz: OK
File ../../examples/x86-64/partial-copy.jazz: OK
File ../../examples/x86-64/retz.jazz: OK
File ../../examples/x86-64/scratch.jazz: OK
File ../../examples/x86-64/strlen.jazz: OK
File ../../examples/x86-64/test.jazz: OK
File ../../examples/x86-64/test_amikoj.jazz: OK
File ../../examples/x86-64/test_iterated_square.jazz: OK
File ../../examples/x86-64/test_lra.jazz: OK
File ../../examples/x86-64/test_var_alloc2.jazz: OK
File ../../examples/x86-64/threeway.jazz: OK
File ../../examples/x86-64/xor_256_64.jazz: OK
File ../success/common/annotations.jazz: OK
File ../success/common/array_sizes.jazz: OK
File ../success/common/arraycopy.jazz: OK
File ../success/common/assertion.jazz: OK
File ../success/common/autospill.jazz: OK
File ../success/common/bug_1145.jazz: OK
File ../success/common/bug_1292.jazz: OK
File ../success/common/bug_1296.jazz: OK
File ../success/common/bug_483.jazz: OK
File ../success/common/bug_499.jazz: OK
File ../success/common/bug_540.jazz: OK
File ../success/common/bug_607.jazz: OK
File ../success/common/bug_729.jazz: OK
File ../success/common/bug_815.jazz: OK
File ../success/common/bug_842.jazz: OK
File ../success/common/bug_870.jazz: OK
File ../success/common/bug_871.jazz: OK
File ../success/common/call-export.jazz: OK
File ../success/common/cast_int.jazz: OK
File ../success/common/dead_spill.jazz: OK
File ../success/common/declassify.jazz: OK
File ../success/common/global.jazz: OK
File ../success/common/immediate.jazz: OK
File ../success/common/inline-global.jazz: OK
File ../success/common/inline.jazz: OK
File ../success/common/inline_label_duplication.jazz: OK
File ../success/common/integer_notation.jazz: OK
File ../success/common/intshift.jazz: OK
File ../success/common/literal-arrays.jazz: OK
File ../success/common/liveness.jazz: OK
File ../success/common/minmax.jazz: OK
File ../success/common/overlay.jazz: OK
File ../success/common/overlay_fun.jazz: OK
File ../success/common/overlay_fun_propagate.jazz: OK
File ../success/common/param.jazz: OK
File ../success/common/reg_ptr_export.jazz: OK
File ../success/common/renaming.jazz: OK
File ../success/common/required_alignment.jazz: OK
File ../success/common/spill.jazz: OK
File ../success/common/spill_pointer.jazz: OK
File ../success/common/stack_alignment.jazz: OK
File ../success/common/swap.jazz: OK
File ../success/common/swap_word.jazz: OK
File ../success/common/t_array_expand.jazz: OK
File ../success/common/test_globals.jazz: OK
File ../success/common/test_keep.jazz: OK
File ../success/common/test_type_eq.jazz: OK
File ../success/common/test_warn_var.jazz: OK
File ../success/common/typealias.jazz: OK
File ../success/common/unaligned.jazz: OK
File ../success/common/unaligned_subarray.jazz: OK
File ../success/common/varalreadyset.jazz: OK
File ../success/common/variable_initialization.jazz: OK
File ../success/common/wint.jazz: OK
File ../success/common/wint_div.jazz: OK
File ../success/namespaces/common/basic.jazz: OK
File ../success/namespaces/common/export.jazz: OK
File ../success/namespaces/common/map.jazz: OK
File ../success/namespaces/common/params.jazz: OK
File ../success/namespaces/common/qident.jazz: OK
File ../success/noextract/x86-64/empty.jazz: OK
File ../success/noextract/x86-64/rdtsc.jazz: OK
File ../success/pointers/x86-64/test_arr_init.jazz: OK
File ../success/pointers/x86-64/test_pointer_stack.jazz: OK
File ../success/pointers/x86-64/test_sharing.jazz: OK
File ../success/pointers/x86-64/test_spill_loop.jazz: OK
File ../success/pointers/x86-64/test_writable_arguments.jazz: OK
File ../success/pointers/x86-64/uninit.jazz: OK
File ../success/pointers/x86-64/zerofill.jazz: OK
File ../success/require/common/file1.jazz: OK
File ../success/require/common/file2.jazz: OK
File ../success/slh/x86-64/branch_in_loop.jazz: OK
File ../success/slh/x86-64/for_loop.jazz: OK
File ../success/slh/x86-64/function_calls.jazz: OK
File ../success/slh/x86-64/function_kills_msf_1.jazz: OK
File ../success/slh/x86-64/function_kills_msf_2.jazz: OK
File ../success/slh/x86-64/init_msf.jazz: OK
File ../success/slh/x86-64/init_msf_later.jazz: OK
File ../success/slh/x86-64/inline_if.jazz: OK
File ../success/slh/x86-64/inline_if_branch_in_for.jazz: OK
File ../success/slh/x86-64/mmx.jazz: OK
File ../success/slh/x86-64/mov_msf.jazz: OK
File ../success/slh/x86-64/protect_128.jazz: OK
File ../success/slh/x86-64/protect_16.jazz: OK
File ../success/slh/x86-64/protect_256.jazz: OK
File ../success/slh/x86-64/protect_32.jazz: OK
File ../success/slh/x86-64/protect_64.jazz: OK
File ../success/slh/x86-64/protect_8.jazz: OK
File ../success/slh/x86-64/protect_each_iter.jazz: OK
File ../success/slh/x86-64/protect_final_value.jazz: OK
File ../success/slh/x86-64/protect_ptr.jazz: OK
File ../success/slh/x86-64/spill_mmx.jazz: OK
File ../success/slh/x86-64/update_msf.jazz: OK
File ../success/slh/x86-64/update_msf_dead.jazz: OK
File ../success/slh/x86-64/update_true.jazz: OK
File ../success/stack_zeroization/x86-64/stack-zeroization.jazz: OK
File ../success/subarrays/common/noop.jazz: OK
File ../success/subarrays/x86-64/alias.jazz: OK
File ../success/subarrays/x86-64/align.jazz: OK
File ../success/subarrays/x86-64/align2.jazz: OK
File ../success/subarrays/x86-64/copy_partial.jazz: OK
File ../success/subarrays/x86-64/copy_partial_var.jazz: OK
File ../success/subarrays/x86-64/disjoint_precise_on_constants.jazz: OK
File ../success/subarrays/x86-64/full_subarrays.jazz: OK
File ../success/subarrays/x86-64/global.jazz: OK
File ../success/subarrays/x86-64/global_const.jazz: OK
File ../success/subarrays/x86-64/index_var.jazz: OK
File ../success/subarrays/x86-64/map.jazz: OK
File ../success/subarrays/x86-64/merge.jazz: OK
File ../success/subarrays/x86-64/merge2.jazz: OK
File ../success/subarrays/x86-64/merge2_var.jazz: OK
File ../success/subarrays/x86-64/merge_var.jazz: OK
File ../success/subarrays/x86-64/nested.jazz: OK
File ../success/subarrays/x86-64/nested_var.jazz: OK
File ../success/subarrays/x86-64/reg_ptr_const.jazz: OK
File ../success/subarrays/x86-64/reg_ptr_const_zero.jazz: OK
File ../success/subarrays/x86-64/reg_ptr_scaled.jazz: OK
File ../success/subarrays/x86-64/reg_ptr_unscaled.jazz: OK
File ../success/subarrays/x86-64/spill_partial.jazz: OK
File ../success/subarrays/x86-64/spill_partial_var.jazz: OK
File ../success/subarrays/x86-64/stack_ptr.jazz: OK
File ../success/subarrays/x86-64/stack_scaled.jazz: OK
File ../success/subarrays/x86-64/sub_precise_on_constant.jazz: OK
File ../success/subarrays/x86-64/swap_partial.jazz: OK
File ../success/subarrays/x86-64/swap_partial_var.jazz: OK
File ../success/subarrays/x86-64/symbolic.jazz: OK
File ../success/subarrays/x86-64/test2.jazz: OK
File ../success/subarrays/x86-64/test2_stack.jazz: OK
File ../success/subarrays/x86-64/test3.jazz: OK
File ../success/subarrays/x86-64/unaligned_cast.jazz: OK
File ../success/subroutines/x86-64/arr_exp.jazz: OK
File ../success/subroutines/x86-64/arr_exp_finfo.jazz: OK
File ../success/subroutines/x86-64/array_boolarg.jazz: OK
File ../success/subroutines/x86-64/auto-reg-ptr.jazz: OK
File ../success/subroutines/x86-64/boolarg.jazz: OK
File ../success/subroutines/x86-64/deep.jazz: OK
File ../success/subroutines/x86-64/exec.jazz: OK
File ../success/subroutines/x86-64/global.jazz: OK
File ../success/subroutines/x86-64/id.jazz: OK
File ../success/subroutines/x86-64/literal-argument.jazz: OK
File ../success/subroutines/x86-64/loop.jazz: OK
File ../success/subroutines/x86-64/memptr.jazz: OK
File ../success/subroutines/x86-64/nolea.jazz: OK
File ../success/subroutines/x86-64/prf.jazz: OK
File ../success/subroutines/x86-64/rastack.jazz: OK
File ../success/subroutines/x86-64/remove-unused-results.jazz: OK
File ../success/subroutines/x86-64/spill.jazz: OK
File ../success/subroutines/x86-64/substack.jazz: OK
File ../success/syscall/x86-64/align.jazz: OK
File ../success/syscall/x86-64/bug_1462.jazz: OK
File ../success/syscall/x86-64/nrcase01.jazz: OK
File ../success/syscall/x86-64/test_randombytes.jazz: OK
File ../success/tunneling/x86-64/if-while.jazz: OK
File ../success/tunneling/x86-64/tunneling.jazz: OK
File ../success/typing/x86-64/assign_constant_pointer_local_var.jazz: OK
File ../success/typing/x86-64/assign_constant_pointer_not_result.jazz: OK
File ../success/typing/x86-64/bug_1479.jazz: OK
File ../success/x86-64/adcx_adox_mulx.jazz: OK
File ../success/x86-64/addcarry.jazz: OK
File ../success/x86-64/addr_0.jazz: OK
File ../success/x86-64/aes.jazz: OK
File ../success/x86-64/aes_instr.jazz: OK
File ../success/x86-64/alias.jazz: OK
File ../success/x86-64/andn.jazz: OK
File ../success/x86-64/arr_init_param.jazz: OK
File ../success/x86-64/array_access.jazz: OK
File ../success/x86-64/array_add.jazz: OK
File ../success/x86-64/array_cast.jazz: OK
File ../success/x86-64/array_length_neg.jazz: OK
File ../success/x86-64/arraycopy.jazz: OK
File ../success/x86-64/bswap.jazz: OK
File ../success/x86-64/bt.jazz: OK
File ../success/x86-64/bug_1106.jazz: OK
File ../success/x86-64/bug_1138.jazz: OK
File ../success/x86-64/bug_1139.jazz: OK
File ../success/x86-64/bug_1158.jazz: OK
File ../success/x86-64/bug_175.jazz: OK
File ../success/x86-64/bug_190.jazz: OK
File ../success/x86-64/bug_200.jazz: OK
File ../success/x86-64/bug_224.jazz: OK
File ../success/x86-64/bug_340.jazz: OK
File ../success/x86-64/bug_455.jazz: OK
File ../success/x86-64/bug_54.jazz: OK
File ../success/x86-64/bug_599.jazz: OK
File ../success/x86-64/bug_680.jazz: OK
File ../success/x86-64/bug_681.jazz: OK
File ../success/x86-64/bug_730.jazz: OK
File ../success/x86-64/bug_895.jazz: OK
File ../success/x86-64/call_conv_windows.jazz: OK
File ../success/x86-64/calldepth.jazz: OK
File ../success/x86-64/cast_msb_clear.jazz: OK
File ../success/x86-64/clc-stc.jazz: OK
File ../success/x86-64/clflush.jazz: OK
File ../success/x86-64/cmovand.jazz: OK
File ../success/x86-64/cmove8.jazz: OK
File ../success/x86-64/concat_2u128.jazz: OK
File ../success/x86-64/contracts.jazz: OK
File ../success/x86-64/copy_length_0.jazz: OK
File ../success/x86-64/copy_length_neg.jazz: OK
File ../success/x86-64/cqo.jazz: OK
File ../success/x86-64/dead_code_arr_init.jazz: OK
File ../success/x86-64/divmod.jazz: OK
File ../success/x86-64/dynglob.jazz: OK
File ../success/x86-64/empty_string.jazz: OK
File ../success/x86-64/eval_for.jazz: OK
File ../success/x86-64/eval_poly1305_u32.jazz: OK
File ../success/x86-64/extend.jazz: OK
File ../success/x86-64/fences.jazz: OK
File ../success/x86-64/glob_in_regptr.jazz: OK
File ../success/x86-64/global_length_0.jazz: OK
File ../success/x86-64/hard-init.jazz: OK
File ../success/x86-64/ifelse.jazz: OK
File ../success/x86-64/init-in-loop.jazz: OK
File ../success/x86-64/init_stack-array_in_inline-fn.jazz: OK
File ../success/x86-64/inline-if.jazz: OK
File ../success/x86-64/inline-literal-arg.jazz: OK
File ../success/x86-64/inline_annot.jazz: OK
File ../success/x86-64/inline_call_to_export.jazz: OK
File ../success/x86-64/inline_glob.jazz: OK
File ../success/x86-64/inline_regptr.jazz: OK
File ../success/x86-64/lzcnt.jazz: OK
File ../success/x86-64/mem2mem.jazz: OK
File ../success/x86-64/memory.jazz: OK
File ../success/x86-64/mmx.jazz: OK
File ../success/x86-64/movemask.jazz: OK
File ../success/x86-64/movq.jazz: OK
File ../success/x86-64/movx.jazz: OK
File ../success/x86-64/movxx.jazz: OK
File ../success/x86-64/mulx.jazz: OK
File ../success/x86-64/opsizes.jazz: OK
File ../success/x86-64/pack.jazz: OK
File ../success/x86-64/pdep.jazz: OK
File ../success/x86-64/pext.jazz: OK
File ../success/x86-64/popcnt.jazz: OK
File ../success/x86-64/por.jazz: OK
File ../success/x86-64/prefetch.jazz: OK
File ../success/x86-64/randombytes_length_0.jazz: OK
File ../success/x86-64/rcr.jazz: OK
File ../success/x86-64/refmod.jazz: OK
File ../success/x86-64/reg_array_length_0.jazz: OK
File ../success/x86-64/reg_array_length_neg.jazz: OK
File ../success/x86-64/regalloc_challenge.jazz: OK
File ../success/x86-64/return-local-stack-array.jazz: OK
File ../success/x86-64/sar.jazz: OK
File ../success/x86-64/save_rsp.jazz: OK
File ../success/x86-64/set0.jazz: OK
File ../success/x86-64/set0_through_pointer.jazz: OK
File ../success/x86-64/sha256.jazz: OK
File ../success/x86-64/shared.jazz: OK
File ../success/x86-64/shift.jazz: OK
File ../success/x86-64/spill_mmx.jazz: OK
File ../success/x86-64/stable_call_conv.jazz: OK
File ../success/x86-64/stack_array.jazz: OK
File ../success/x86-64/stack_length_0.jazz: OK
File ../success/x86-64/stack_length_neg.jazz: OK
File ../success/x86-64/stacking.jazz: OK
File ../success/x86-64/stacksize.jazz: OK
File ../success/x86-64/strings.jazz: OK
File ../success/x86-64/test_add.jazz: OK
File ../success/x86-64/test_bool.jazz: OK
File ../success/x86-64/test_call.jazz: OK
File ../success/x86-64/test_cast_sopn.jazz: OK
File ../success/x86-64/test_casts.jazz: OK
File ../success/x86-64/test_cmp.jazz: OK
File ../success/x86-64/test_for.jazz: OK
File ../success/x86-64/test_glob_array.jazz: OK
File ../success/x86-64/test_glob_array_256.jazz: OK
File ../success/x86-64/test_glob_array_while.jazz: OK
File ../success/x86-64/test_glob_array_while1.jazz: OK
File ../success/x86-64/test_glob_array_while2.jazz: OK
File ../success/x86-64/test_global.jazz: OK
File ../success/x86-64/test_global_string_literal.jazz: OK
File ../success/x86-64/test_imm.jazz: OK
File ../success/x86-64/test_inline_in_loop.jazz: OK
File ../success/x86-64/test_inline_var.jazz: OK
File ../success/x86-64/test_lea.jazz: OK
File ../success/x86-64/test_lea_sub.jazz: OK
File ../success/x86-64/test_lnot.jazz: OK
File ../success/x86-64/test_lowereq.jazz: OK
File ../success/x86-64/test_mem.jazz: OK
File ../success/x86-64/test_minus_one.jazz: OK
File ../success/x86-64/test_movcc.jazz: OK
File ../success/x86-64/test_move_ptr_to_stack.jazz: OK
File ../success/x86-64/test_mul.jazz: OK
File ../success/x86-64/test_parity.jazz: OK
File ../success/x86-64/test_printer_intel.jazz: OK
File ../success/x86-64/test_ptr_fn_inline.jazz: OK
File ../success/x86-64/test_ptr_fn_inline2.jazz: OK
File ../success/x86-64/test_ptr_fn_noinline.jazz: OK
File ../success/x86-64/test_ptr_fn_noinline_const.jazz: OK
File ../success/x86-64/test_reg_ptr1.jazz: OK
File ../success/x86-64/test_rotations.jazz: OK
File ../success/x86-64/test_shift.jazz: OK
File ../success/x86-64/test_speculative_execution.jazz: OK
File ../success/x86-64/test_ternary.jazz: OK
File ../success/x86-64/test_var_annot.jazz: OK
File ../success/x86-64/too_large_immediate.jazz: OK
File ../success/x86-64/truncate_if.jazz: OK
File ../success/x86-64/typealias_amd64.jazz: OK
File ../success/x86-64/unaligned.jazz: OK
File ../success/x86-64/unaligned_slice_copy.jazz: OK
File ../success/x86-64/unroll_nested_loop.jazz: OK
File ../success/x86-64/vector.jazz: OK
File ../success/x86-64/vector_arguments.jazz: OK
File ../success/x86-64/vector_expression.jazz: OK
File ../success/x86-64/vmovdqa.jazz: OK
File ../success/x86-64/vmovhpd.jazz: OK
File ../success/x86-64/vmovlpd.jazz: OK
File ../success/x86-64/vmovsxdup.jazz: OK
File ../success/x86-64/vpack.jazz: OK
File ../success/x86-64/vpalignr.jazz: OK
File ../success/x86-64/vpavg.jazz: OK
File ../success/x86-64/vpblend.jazz: OK
File ../success/x86-64/vpblendvb.jazz: OK
File ../success/x86-64/vpclmulqdq.jazz: OK
File ../success/x86-64/vpcmp.jazz: OK
File ../success/x86-64/vpermd.jazz: OK
File ../success/x86-64/vpmaddubsw.jazz: OK
File ../success/x86-64/vpmaddwd.jazz: OK
File ../success/x86-64/vpminmax.jazz: OK
File ../success/x86-64/vpmovxx.jazz: OK
File ../success/x86-64/vpmulh.jazz: OK
File ../success/x86-64/vpsxldq.jazz: OK
File ../success/x86-64/vptest.jazz: OK
File ../success/x86-64/while.jazz: OK
File ../success/x86-64/xchg.jazz: OK
