File basic.jazz:
Failed as expected missing_then: "fail/basic.jazz", line 37 (18-19):
                                 speculative constant type checker: the variable m is not known to be a msf, only {
                                   } are
Failed as expected missing_else: "fail/basic.jazz", line 23 (18-19):
                                 speculative constant type checker: the variable m is not known to be a msf, only {
                                   } are
Failed as expected after_branch: "fail/basic.jazz", line 10 (18-19):
                                 speculative constant type checker: the variable m is not known to be a msf, only {
                                   } are
Failed as expected leak_transient: "fail/basic.jazz", line 1 (42-50):
                                   speculative constant type checker: x has type #transient but should be at most #public
File functions.jazz:
Failed as expected call_kills_msf: "fail/functions.jazz", line 10 (2-10):
                                   speculative constant type checker: 
                                   this function call destroys MSFs and { m } are required.
                                   Trace:
                                     the function leak destroys MSFs at "fail/functions.jazz", line 2 (36-48)
File inline-if-modmsf.jazz:
Failed as expected inline_if_modmsf: "fail/inline-if-modmsf.jazz", line 18 (2-11):
                                     speculative constant type checker: 
                                     this function call destroys MSFs and { ms } are required.
                                     Trace:
                                       the function f destroys MSFs at "fail/inline-if-modmsf.jazz", line 6 (8) to line 8 (9)
File modmsf-trace.jazz:
Failed as expected modmsf_trace: "fail/modmsf-trace.jazz", line 18 (2-8):
                                 speculative constant type checker: this function call destroys MSFs and { ms } are required.
                                 Trace:
                                   the function f2 destroys MSFs at "fail/modmsf-trace.jazz", line 13 (19-25)
                                   the function f1 destroys MSFs at "fail/modmsf-trace.jazz", line 10 (19-31)
                                   the function kill_msf destroys MSFs at "fail/modmsf-trace.jazz", line 3 (4) to line 5 (5)
File rsb.jazz:
Failed as expected write_mmx_call: "fail/rsb.jazz", line 100 (4-5):
                                   speculative constant type checker: Assignment of type #transient to register m not allowed. MMX registers must always be public.
Failed as expected write_mmx_ptr: "fail/rsb.jazz", line 89 (4-5):
                                  speculative constant type checker: Assignment of type #transient to register m not allowed. MMX registers must always be public.
Failed as expected write_mmx_opn: "fail/rsb.jazz", line 82 (4-5):
                                  speculative constant type checker: Assignment of type #transient to register m not allowed. MMX registers must always be public.
Failed as expected write_mmx_assign2: "fail/rsb.jazz", line 76 (4-5):
                                      speculative constant type checker: Assignment of type #secret to register m not allowed. MMX registers must always be public.
Failed as expected write_mmx_assign: "fail/rsb.jazz", line 70 (4-5):
                                     speculative constant type checker: Assignment of type #transient to register m not allowed. MMX registers must always be public.
Failed as expected call_in_for: "fail/rsb.jazz", line 65 (11-12):
                                speculative constant type checker: return type for x is #transient it should be less than #public
Failed as expected call_in_while: "fail/rsb.jazz", line 46 (4) to line 49 (5):
                                  speculative constant type checker: constraints caused by the loop cannot be satisfied
Failed as expected transient_after_call1: "fail/rsb.jazz", line 38 (11-12):
                                          speculative constant type checker: return type for x is #transient it should be less than #public
Failed as expected transient_after_call: "fail/rsb.jazz", line 26 (11-12):
                                         speculative constant type checker: return type for x is #transient it should be less than #public
Failed as expected archetypical: "fail/rsb.jazz", line 16 (4-14):
                                 speculative constant type checker: pub has type #transient but should be at most #public
